
> gaming-ui-demo@0.1.0 dev
> next dev

▲ Next.js 16.2.10 (Turbopack)
- Local:         http://localhost:3000
- Network:       http://172.18.0.1:3000
- Environments: .env.local
✓ Ready in 1910ms

○ Compiling /api/auth/me ...
 GET /api/auth/me 401 in 27.8s (next.js: 27.7s, application-code: 144ms)
 GET /login 200 in 30.1s (next.js: 28.3s, application-code: 1845ms)
 GET /admin 200 in 30.2s (next.js: 28.6s, application-code: 1521ms)
 GET / 200 in 29.8s (next.js: 28.5s, application-code: 1299ms)
 GET /api/support-settings 200 in 2.6s (next.js: 791ms, application-code: 1814ms)
 GET /api/support-settings 200 in 131ms (next.js: 74ms, application-code: 57ms)
 GET /api/transactions?type=deposit&page=1 401 in 2.1s (next.js: 1351ms, application-code: 723ms)
 GET /api/auth/me 401 in 1385ms (next.js: 694ms, application-code: 691ms)
 GET /api/support-settings 200 in 1417ms (next.js: 722ms, application-code: 695ms)
 GET /api/admin/ensure-seed 200 in 1763ms (next.js: 1199ms, application-code: 564ms)
 GET /api/admin/users 200 in 1860ms (next.js: 1679ms, application-code: 181ms)
 GET /api/admin/withdrawals 200 in 1889ms (next.js: 1353ms, application-code: 535ms)
 GET /api/admin/deposits 200 in 1939ms (next.js: 1519ms, application-code: 419ms)
 GET /api/admin/overview 200 in 874ms (next.js: 759ms, application-code: 115ms)
 GET /api/support-settings 200 in 46ms (next.js: 18ms, application-code: 28ms)
 GET /api/admin/support-settings 200 in 729ms (next.js: 686ms, application-code: 43ms)
 GET / 200 in 384ms (next.js: 22ms, application-code: 362ms)
 GET /api/auth/me 401 in 42ms (next.js: 16ms, application-code: 25ms)
 GET /api/support-settings 200 in 59ms (next.js: 15ms, application-code: 45ms)
 POST /api/auth/logout 200 in 864ms (next.js: 801ms, application-code: 63ms)
 POST /api/auth/logout 200 in 54ms (next.js: 13ms, application-code: 40ms)
 GET /admin/login 200 in 1384ms (next.js: 1218ms, application-code: 166ms)
 GET /admin/login 200 in 103ms (next.js: 16ms, application-code: 87ms)
 POST /api/auth/logout 200 in 42ms (next.js: 14ms, application-code: 28ms)
 GET /api/admin/ensure-seed 200 in 121ms (next.js: 99ms, application-code: 22ms)
 GET /admin/login 200 in 166ms (next.js: 27ms, application-code: 139ms)
 GET /api/admin/ensure-seed 200 in 45ms (next.js: 12ms, application-code: 34ms)
 GET / 200 in 222ms (next.js: 19ms, application-code: 203ms)
 GET /api/auth/me 401 in 49ms (next.js: 11ms, application-code: 38ms)
 GET /api/support-settings 200 in 55ms (next.js: 28ms, application-code: 27ms)
 GET /login 200 in 92ms (next.js: 16ms, application-code: 76ms)
 GET /signup 200 in 1309ms (next.js: 1225ms, application-code: 84ms)
 GET /login 200 in 138ms (next.js: 25ms, application-code: 113ms)
 POST /api/auth/login 401 in 1141ms (next.js: 870ms, application-code: 271ms)
 GET /signup 200 in 68ms (next.js: 16ms, application-code: 52ms)
 POST /api/auth/signup 409 in 662ms (next.js: 634ms, application-code: 28ms)
 POST /api/auth/signup 200 in 532ms (next.js: 15ms, application-code: 517ms)
 GET / 200 in 107ms (next.js: 26ms, application-code: 80ms)
 GET /api/auth/me 200 in 31ms (next.js: 9ms, application-code: 21ms)
 GET /api/auth/me 200 in 30ms (next.js: 10ms, application-code: 20ms)
 GET /wallet 200 in 1339ms (next.js: 1275ms, application-code: 64ms)
 GET /api/wallet 200 in 830ms (next.js: 638ms, application-code: 192ms)
 GET /api/wallet/stats 200 in 847ms (next.js: 794ms, application-code: 53ms)
 GET /api/wallet 200 in 35ms (next.js: 12ms, application-code: 24ms)
 GET /api/wallet/stats 200 in 46ms (next.js: 12ms, application-code: 34ms)
 GET /deposit 200 in 1211ms (next.js: 1139ms, application-code: 72ms)
 GET /api/transactions?type=deposit&page=1 200 in 70ms (next.js: 11ms, application-code: 59ms)
 GET /api/support-settings 200 in 59ms (next.js: 35ms, application-code: 24ms)
 GET /api/wallet 200 in 71ms (next.js: 13ms, application-code: 57ms)
 GET /api/transactions?type=deposit&page=1 200 in 95ms (next.js: 25ms, application-code: 70ms)
 GET /api/support-settings 200 in 66ms (next.js: 12ms, application-code: 55ms)
 GET /api/wallet 200 in 75ms (next.js: 40ms, application-code: 35ms)
[karopay/create-order] notify URL base "http://localhost:3000" is not publicly reachable — set KAROPAY_NOTIFY_BASE_URL (or NEXT_PUBLIC_APP_URL) to a public https URL.
 POST /api/karopay/create-order 503 in 631ms (next.js: 582ms, application-code: 50ms)
 GET /api/transactions?type=deposit&page=1 200 in 87ms (next.js: 18ms, application-code: 69ms)
 GET /api/transactions?type=deposit&page=1 200 in 73ms (next.js: 18ms, application-code: 55ms)
 GET /api/transactions?type=deposit&page=1 200 in 60ms (next.js: 10ms, application-code: 50ms)
 GET /api/transactions?type=deposit&page=1 200 in 52ms (next.js: 11ms, application-code: 41ms)
 GET /api/transactions?type=deposit&page=1 200 in 75ms (next.js: 18ms, application-code: 56ms)
 GET /api/transactions?type=deposit&page=1 200 in 51ms (next.js: 13ms, application-code: 38ms)
 GET /api/transactions?type=deposit&page=1 200 in 82ms (next.js: 16ms, application-code: 65ms)
 GET /api/transactions?type=deposit&page=1 200 in 55ms (next.js: 11ms, application-code: 44ms)
 GET /api/transactions?type=deposit&page=1 200 in 68ms (next.js: 16ms, application-code: 52ms)
 GET /api/transactions?type=deposit&page=1 200 in 47ms (next.js: 18ms, application-code: 30ms)
 GET /api/transactions?type=deposit&page=1 200 in 74ms (next.js: 17ms, application-code: 57ms)
 GET /api/transactions?type=deposit&page=1 200 in 78ms (next.js: 17ms, application-code: 61ms)
 GET /api/transactions?type=deposit&page=1 200 in 81ms (next.js: 18ms, application-code: 63ms)
 GET /api/transactions?type=deposit&page=1 200 in 57ms (next.js: 13ms, application-code: 43ms)
 GET /api/transactions?type=deposit&page=1 200 in 73ms (next.js: 17ms, application-code: 57ms)
 GET /api/transactions?type=deposit&page=1 200 in 51ms (next.js: 9ms, application-code: 42ms)
 GET /api/transactions?type=deposit&page=1 200 in 70ms (next.js: 10ms, application-code: 61ms)
 GET /api/transactions?type=deposit&page=1 200 in 50ms (next.js: 11ms, application-code: 39ms)
 GET /api/transactions?type=deposit&page=1 200 in 65ms (next.js: 10ms, application-code: 56ms)
 GET /api/transactions?type=deposit&page=1 200 in 74ms (next.js: 17ms, application-code: 57ms)
 GET /api/transactions?type=deposit&page=1 200 in 43ms (next.js: 8ms, application-code: 34ms)
 GET /api/transactions?type=deposit&page=1 200 in 61ms (next.js: 13ms, application-code: 48ms)
 GET /api/transactions?type=deposit&page=1 200 in 63ms (next.js: 14ms, application-code: 49ms)
 GET /api/transactions?type=deposit&page=1 200 in 65ms (next.js: 17ms, application-code: 48ms)
 GET /api/transactions?type=deposit&page=1 200 in 124ms (next.js: 25ms, application-code: 100ms)
 GET /api/transactions?type=deposit&page=1 200 in 50ms (next.js: 13ms, application-code: 37ms)
 GET /api/transactions?type=deposit&page=1 200 in 97ms (next.js: 19ms, application-code: 78ms)
 GET /api/transactions?type=deposit&page=1 200 in 98ms (next.js: 30ms, application-code: 69ms)
 GET /api/transactions?type=deposit&page=1 200 in 111ms (next.js: 49ms, application-code: 63ms)
 GET /api/transactions?type=deposit&page=1 200 in 87ms (next.js: 19ms, application-code: 68ms)
 GET /api/transactions?type=deposit&page=1 200 in 93ms (next.js: 24ms, application-code: 69ms)
 GET /api/transactions?type=deposit&page=1 200 in 49ms (next.js: 9ms, application-code: 41ms)
 GET /api/transactions?type=deposit&page=1 200 in 38ms (next.js: 9ms, application-code: 29ms)
[karopay/create-order] notify URL base "http://localhost:3000" is not publicly reachable — set KAROPAY_NOTIFY_BASE_URL (or NEXT_PUBLIC_APP_URL) to a public https URL.
 POST /api/karopay/create-order 503 in 123ms (next.js: 19ms, application-code: 104ms)
 GET /api/transactions?type=deposit&page=1 200 in 80ms (next.js: 20ms, application-code: 59ms)
 GET /api/transactions?type=deposit&page=1 200 in 60ms (next.js: 13ms, application-code: 47ms)
 GET /api/transactions?type=deposit&page=1 200 in 108ms (next.js: 20ms, application-code: 88ms)
[karopay/create-order] notify URL base "http://localhost:3000" is not publicly reachable — set KAROPAY_NOTIFY_BASE_URL (or NEXT_PUBLIC_APP_URL) to a public https URL.
 POST /api/karopay/create-order 503 in 62ms (next.js: 14ms, application-code: 48ms)
 GET /api/transactions?type=deposit&page=1 200 in 79ms (next.js: 25ms, application-code: 55ms)
 GET /api/transactions?type=deposit&page=1 200 in 142ms (next.js: 26ms, application-code: 116ms)
 GET /api/transactions?type=deposit&page=1 200 in 48ms (next.js: 12ms, application-code: 36ms)
 GET /api/transactions?type=deposit&page=1 200 in 152ms (next.js: 25ms, application-code: 126ms)
 GET /api/transactions?type=deposit&page=1 200 in 68ms (next.js: 30ms, application-code: 38ms)
 GET /api/transactions?type=deposit&page=1 200 in 84ms (next.js: 17ms, application-code: 66ms)
 GET /api/transactions?type=deposit&page=1 200 in 61ms (next.js: 14ms, application-code: 47ms)
 GET / 200 in 603ms (next.js: 32ms, application-code: 571ms)
 GET /api/support-settings 200 in 141ms (next.js: 16ms, application-code: 125ms)
 GET /api/transactions?type=deposit&page=1 200 in 173ms (next.js: 21ms, application-code: 152ms)
  Reload env: .env.local
✓ Compiled in 1131ms
 GET /login 200 in 2.4s (next.js: 1300ms, application-code: 1143ms)
 GET /deposit 200 in 2.5s (next.js: 1961ms, application-code: 490ms)
 GET /login 200 in 366ms (next.js: 13ms, application-code: 354ms)
 GET /deposit 200 in 294ms (next.js: 45ms, application-code: 249ms)
 GET /login 200 in 208ms (next.js: 18ms, application-code: 190ms)
 GET /login 200 in 208ms (next.js: 72ms, application-code: 136ms)
