
> gaming-ui-demo@0.1.0 dev
> next dev

▲ Next.js 16.2.10 (Turbopack)
- Local:         http://localhost:3000
- Network:       http://10.197.171.208:3000
- Environments: .env.local
✓ Ready in 21.3s

 GET /admin 200 in 3.0s (next.js: 1643ms, application-code: 1311ms)
 GET /deposit 200 in 2.9s (next.js: 2.3s, application-code: 656ms)
 GET /withdraw 200 in 448ms (next.js: 126ms, application-code: 322ms)
 GET /api/wallet 200 in 3.0s (next.js: 1601ms, application-code: 1407ms)
 GET /api/admin/withdrawals 404 in 3.1s (next.js: 1922ms, application-code: 1166ms)
 GET /api/admin/users 404 in 3.1s (next.js: 1981ms, application-code: 1109ms)
 GET /api/admin/ensure-seed 404 in 3.1s (next.js: 2.1s, application-code: 1004ms)
 GET /api/admin/deposits 404 in 3.1s (next.js: 2.2s, application-code: 888ms)
 GET /api/auth/me 404 in 3.1s (next.js: 2.5s, application-code: 536ms)
 GET /api/support-settings 200 in 215ms (next.js: 147ms, application-code: 68ms)
 GET /api/wallet 200 in 154ms (next.js: 63ms, application-code: 91ms)
 GET /api/support-settings 200 in 106ms (next.js: 38ms, application-code: 67ms)
 GET /api/withdraw/eligibility 404 in 637ms (next.js: 181ms, application-code: 455ms)
 GET /api/admin/overview 404 in 495ms (next.js: 328ms, application-code: 166ms)
 GET /api/support-settings 200 in 79ms (next.js: 19ms, application-code: 59ms)
 GET /admin 200 in 335ms (next.js: 36ms, application-code: 298ms)
 GET /api/admin/ensure-seed 404 in 964ms (next.js: 85ms, application-code: 879ms)
 GET /api/admin/users 404 in 964ms (next.js: 204ms, application-code: 760ms)
 GET /api/admin/deposits 404 in 967ms (next.js: 349ms, application-code: 618ms)
 GET /api/admin/withdrawals 404 in 969ms (next.js: 462ms, application-code: 507ms)
 GET /api/admin/overview 404 in 195ms (next.js: 88ms, application-code: 107ms)
 GET /api/admin/support-settings 404 in 360ms (next.js: 138ms, application-code: 222ms)
 GET /admin 200 in 277ms (next.js: 33ms, application-code: 244ms)
 GET /api/admin/users 404 in 846ms (next.js: 197ms, application-code: 649ms)
 GET /api/admin/deposits 404 in 846ms (next.js: 362ms, application-code: 485ms)
 GET /api/admin/withdrawals 404 in 848ms (next.js: 544ms, application-code: 304ms)
 GET /api/admin/ensure-seed 404 in 864ms (next.js: 63ms, application-code: 801ms)
 GET /api/admin/overview 404 in 357ms (next.js: 80ms, application-code: 277ms)
 GET /admin 200 in 197ms (next.js: 19ms, application-code: 178ms)
 GET /api/admin/ensure-seed 404 in 535ms (next.js: 77ms, application-code: 458ms)
 GET /api/admin/users 404 in 535ms (next.js: 141ms, application-code: 395ms)
 GET /api/admin/deposits 404 in 534ms (next.js: 209ms, application-code: 325ms)
 GET /api/admin/withdrawals 404 in 535ms (next.js: 289ms, application-code: 246ms)
 GET /api/admin/overview 404 in 130ms (next.js: 30ms, application-code: 100ms)
 GET /login 200 in 197ms (next.js: 81ms, application-code: 116ms)
 POST /api/auth/login 404 in 155ms (next.js: 43ms, application-code: 112ms)
 GET /withdraw 200 in 246ms (next.js: 33ms, application-code: 213ms)
 GET /api/wallet 401 in 74ms (next.js: 30ms, application-code: 45ms)
 GET /api/support-settings 200 in 125ms (next.js: 38ms, application-code: 86ms)
 GET /login 200 in 252ms (next.js: 40ms, application-code: 212ms)
 GET /api/withdraw/eligibility 404 in 921ms (next.js: 366ms, application-code: 554ms)
 GET /api/auth/me 404 in 948ms (next.js: 184ms, application-code: 765ms)
 GET /admin 200 in 302ms (next.js: 33ms, application-code: 269ms)
 GET /api/admin/ensure-seed 404 in 809ms (next.js: 82ms, application-code: 727ms)
 GET /api/admin/withdrawals 404 in 806ms (next.js: 328ms, application-code: 478ms)
 GET /api/admin/deposits 404 in 812ms (next.js: 242ms, application-code: 569ms)
 GET /api/admin/users 404 in 818ms (next.js: 156ms, application-code: 663ms)
 GET /api/admin/overview 404 in 275ms (next.js: 70ms, application-code: 205ms)
 POST /api/auth/logout 404 in 348ms (next.js: 98ms, application-code: 250ms)
 GET /admin/login 200 in 383ms (next.js: 196ms, application-code: 187ms)
 GET /api/admin/ensure-seed 404 in 650ms (next.js: 72ms, application-code: 579ms)
 GET /api/admin/ensure-seed 404 in 355ms (next.js: 66ms, application-code: 290ms)
 POST /api/auth/login 404 in 329ms (next.js: 71ms, application-code: 259ms)
 POST /api/auth/login 404 in 282ms (next.js: 69ms, application-code: 213ms)
 POST /api/auth/login 404 in 319ms (next.js: 77ms, application-code: 242ms)
 POST /api/auth/login 404 in 262ms (next.js: 64ms, application-code: 198ms)
 POST /api/auth/login 404 in 287ms (next.js: 61ms, application-code: 226ms)
 GET /admin/login 200 in 464ms (next.js: 29ms, application-code: 435ms)
 GET /api/admin/ensure-seed 404 in 158ms (next.js: 26ms, application-code: 131ms)
 POST /api/auth/login 404 in 273ms (next.js: 66ms, application-code: 207ms)
[?25h
