[     135ms] [LOG] [Fast Refresh] rebuilding @ http://localhost:3001/_next/static/chunks/node_modules_next_dist_1ybzpk2._.js:2477
[     348ms] [LOG] [Fast Refresh] done in 321ms @ http://localhost:3001/_next/static/chunks/node_modules_next_dist_1ybzpk2._.js:2477
[     469ms] [INFO] %cDownload the React DevTools for a better development experience: https://react.dev/link/react-devtools font-weight:bold @ http://localhost:3001/_next/static/chunks/node_modules_next_dist_1ybzpk2._.js:2477
[     496ms] [LOG] [HMR] connected @ http://localhost:3001/_next/static/chunks/node_modules_next_dist_1ybzpk2._.js:2477
[    3051ms] [ERROR] Failed to load resource: net::ERR_CONNECTION_REFUSED @ http://localhost:4001/socket.io/?EIO=4&transport=polling&t=avjbe7rr:0
[    6170ms] [ERROR] Failed to load resource: net::ERR_CONNECTION_REFUSED @ http://localhost:4001/socket.io/?EIO=4&transport=polling&t=avlr3xne:0
[   10818ms] [ERROR] Failed to load resource: net::ERR_CONNECTION_REFUSED @ http://localhost:4001/socket.io/?EIO=4&transport=polling&t=avpbojf1:0
[   17915ms] [ERROR] Failed to load resource: net::ERR_CONNECTION_REFUSED @ http://localhost:4001/socket.io/?EIO=4&transport=polling&t=avut3nck:0
[   25251ms] [ERROR] Failed to load resource: net::ERR_CONNECTION_REFUSED @ http://localhost:4001/socket.io/?EIO=4&transport=polling&t=aw0gwl3k:0
[   32587ms] [ERROR] Failed to load resource: net::ERR_CONNECTION_REFUSED @ http://localhost:4001/socket.io/?EIO=4&transport=polling&t=aw64ne04:0
[   39957ms] [ERROR] Failed to load resource: net::ERR_CONNECTION_REFUSED @ http://localhost:4001/socket.io/?EIO=4&transport=polling&t=awbsqa3h:0
[   47300ms] [ERROR] Failed to load resource: net::ERR_CONNECTION_REFUSED @ http://localhost:4001/socket.io/?EIO=4&transport=polling&t=awhh8yy5:0
[   54663ms] [ERROR] Failed to load resource: net::ERR_CONNECTION_REFUSED @ http://localhost:4001/socket.io/?EIO=4&transport=polling&t=awn58ihi:0
[   89394ms] [LOG] [Fast Refresh] rebuilding @ http://localhost:3001/_next/static/chunks/node_modules_next_dist_1ybzpk2._.js:2477
[   89462ms] [LOG] [Fast Refresh] done in 170ms @ http://localhost:3001/_next/static/chunks/node_modules_next_dist_1ybzpk2._.js:2477
[  100931ms] [LOG] [Fast Refresh] rebuilding @ http://localhost:3001/_next/static/chunks/node_modules_next_dist_1ybzpk2._.js:2477
[  100994ms] [LOG] [Fast Refresh] done in 164ms @ http://localhost:3001/_next/static/chunks/node_modules_next_dist_1ybzpk2._.js:2477
[  132181ms] [LOG] [Fast Refresh] rebuilding @ http://localhost:3001/_next/static/chunks/node_modules_next_dist_1ybzpk2._.js:2477
[  132258ms] [LOG] [Fast Refresh] done in 201ms @ http://localhost:3001/_next/static/chunks/node_modules_next_dist_1ybzpk2._.js:2477
[  180883ms] [LOG] [Fast Refresh] rebuilding @ http://localhost:3001/_next/static/chunks/node_modules_next_dist_1ybzpk2._.js:2477
[  180894ms] [LOG] [Fast Refresh] done in 114ms @ http://localhost:3001/_next/static/chunks/node_modules_next_dist_1ybzpk2._.js:2477
[  416656ms] [LOG] [Fast Refresh] rebuilding @ http://localhost:3001/_next/static/chunks/node_modules_next_dist_1ybzpk2._.js:2477
[  417259ms] [LOG] [Fast Refresh] done in 556ms @ http://localhost:3001/_next/static/chunks/node_modules_next_dist_1ybzpk2._.js:2477
[  448170ms] [LOG] [Fast Refresh] rebuilding @ http://localhost:3001/_next/static/chunks/node_modules_next_dist_1ybzpk2._.js:2477
[  448541ms] [LOG] [Fast Refresh] done in 428ms @ http://localhost:3001/_next/static/chunks/node_modules_next_dist_1ybzpk2._.js:2477
[  525669ms] [LOG] [Fast Refresh] rebuilding @ http://localhost:3001/_next/static/chunks/node_modules_next_dist_1ybzpk2._.js:2477
[  525996ms] [LOG] [Fast Refresh] done in 432ms @ http://localhost:3001/_next/static/chunks/node_modules_next_dist_1ybzpk2._.js:2477
[  576715ms] [LOG] [Fast Refresh] rebuilding @ http://localhost:3001/_next/static/chunks/node_modules_next_dist_1ybzpk2._.js:2477
[  576968ms] [LOG] [Fast Refresh] done in 362ms @ http://localhost:3001/_next/static/chunks/node_modules_next_dist_1ybzpk2._.js:2477
[  636455ms] [LOG] [Fast Refresh] rebuilding @ http://localhost:3001/_next/static/chunks/node_modules_next_dist_1ybzpk2._.js:2477
[  636457ms] [LOG] [Fast Refresh] done in 110ms @ http://localhost:3001/_next/static/chunks/node_modules_next_dist_1ybzpk2._.js:2477
[ 1690443ms] [LOG] [Fast Refresh] rebuilding @ http://localhost:3001/_next/static/chunks/node_modules_next_dist_1ybzpk2._.js:2477
[ 1690471ms] [LOG] [Fast Refresh] done in 132ms @ http://localhost:3001/_next/static/chunks/node_modules_next_dist_1ybzpk2._.js:2477
[ 1715567ms] [LOG] [Fast Refresh] rebuilding @ http://localhost:3001/_next/static/chunks/node_modules_next_dist_1ybzpk2._.js:2477
[ 1715568ms] [LOG] [Fast Refresh] done in 105ms @ http://localhost:3001/_next/static/chunks/node_modules_next_dist_1ybzpk2._.js:2477
[ 1718346ms] [LOG] [Fast Refresh] rebuilding @ http://localhost:3001/_next/static/chunks/node_modules_next_dist_1ybzpk2._.js:2477
[ 1718520ms] [LOG] [Fast Refresh] done in 290ms @ http://localhost:3001/_next/static/chunks/node_modules_next_dist_1ybzpk2._.js:2477
[ 1719409ms] [LOG] [Fast Refresh] rebuilding @ http://localhost:3001/_next/static/chunks/node_modules_next_dist_1ybzpk2._.js:2477
[ 1719548ms] [LOG] [Fast Refresh] done in 250ms @ http://localhost:3001/_next/static/chunks/node_modules_next_dist_1ybzpk2._.js:2477
[ 1918038ms] [LOG] [Fast Refresh] rebuilding @ http://localhost:3001/_next/static/chunks/node_modules_next_dist_1ybzpk2._.js:2477
[ 1918329ms] [LOG] [Fast Refresh] done in 316ms @ http://localhost:3001/_next/static/chunks/node_modules_next_dist_1ybzpk2._.js:2477
[ 1918443ms] [LOG] [Fast Refresh] rebuilding @ http://localhost:3001/_next/static/chunks/node_modules_next_dist_1ybzpk2._.js:2477
[ 1918693ms] [LOG] [Fast Refresh] done in 363ms @ http://localhost:3001/_next/static/chunks/node_modules_next_dist_1ybzpk2._.js:2477
[ 1918808ms] [LOG] [Fast Refresh] rebuilding @ http://localhost:3001/_next/static/chunks/node_modules_next_dist_1ybzpk2._.js:2477
[ 1919024ms] [LOG] [Fast Refresh] done in 318ms @ http://localhost:3001/_next/static/chunks/node_modules_next_dist_1ybzpk2._.js:2477
[ 1943517ms] [LOG] [Fast Refresh] rebuilding @ http://localhost:3001/_next/static/chunks/node_modules_next_dist_1ybzpk2._.js:2477
[ 1943653ms] [LOG] [Fast Refresh] done in 215ms @ http://localhost:3001/_next/static/chunks/node_modules_next_dist_1ybzpk2._.js:2477
[ 1944043ms] [LOG] [Fast Refresh] rebuilding @ http://localhost:3001/_next/static/chunks/node_modules_next_dist_1ybzpk2._.js:2477
[ 1944115ms] [LOG] [Fast Refresh] done in 185ms @ http://localhost:3001/_next/static/chunks/node_modules_next_dist_1ybzpk2._.js:2477
[ 1968156ms] [LOG] [Fast Refresh] rebuilding @ http://localhost:3001/_next/static/chunks/node_modules_next_dist_1ybzpk2._.js:2477
[ 1968372ms] [LOG] [Fast Refresh] done in 286ms @ http://localhost:3001/_next/static/chunks/node_modules_next_dist_1ybzpk2._.js:2477
[ 1968494ms] [LOG] [Fast Refresh] rebuilding @ http://localhost:3001/_next/static/chunks/node_modules_next_dist_1ybzpk2._.js:2477
[ 1968751ms] [LOG] [Fast Refresh] done in 359ms @ http://localhost:3001/_next/static/chunks/node_modules_next_dist_1ybzpk2._.js:2477
[ 1968896ms] [LOG] [Fast Refresh] rebuilding @ http://localhost:3001/_next/static/chunks/node_modules_next_dist_1ybzpk2._.js:2477
[ 1969118ms] [LOG] [Fast Refresh] done in 322ms @ http://localhost:3001/_next/static/chunks/node_modules_next_dist_1ybzpk2._.js:2477
[ 1969311ms] [LOG] [Fast Refresh] rebuilding @ http://localhost:3001/_next/static/chunks/node_modules_next_dist_1ybzpk2._.js:2477
[ 1969513ms] [LOG] [Fast Refresh] done in 310ms @ http://localhost:3001/_next/static/chunks/node_modules_next_dist_1ybzpk2._.js:2477
[ 1992279ms] [LOG] [Fast Refresh] rebuilding @ http://localhost:3001/_next/static/chunks/node_modules_next_dist_1ybzpk2._.js:2477
[ 1992533ms] [LOG] [Fast Refresh] done in 314ms @ http://localhost:3001/_next/static/chunks/node_modules_next_dist_1ybzpk2._.js:2477
[ 1992662ms] [LOG] [Fast Refresh] rebuilding @ http://localhost:3001/_next/static/chunks/node_modules_next_dist_1ybzpk2._.js:2477
[ 1992807ms] [LOG] [Fast Refresh] done in 255ms @ http://localhost:3001/_next/static/chunks/node_modules_next_dist_1ybzpk2._.js:2477
[ 1992930ms] [LOG] [Fast Refresh] rebuilding @ http://localhost:3001/_next/static/chunks/node_modules_next_dist_1ybzpk2._.js:2477
[ 1993164ms] [LOG] [Fast Refresh] done in 342ms @ http://localhost:3001/_next/static/chunks/node_modules_next_dist_1ybzpk2._.js:2477
[ 2069913ms] [LOG] [Fast Refresh] rebuilding @ http://localhost:3001/_next/static/chunks/node_modules_next_dist_1ybzpk2._.js:2477
[ 2070269ms] [LOG] [Fast Refresh] done in 397ms @ http://localhost:3001/_next/static/chunks/node_modules_next_dist_1ybzpk2._.js:2477
[ 2070385ms] [LOG] [Fast Refresh] rebuilding @ http://localhost:3001/_next/static/chunks/node_modules_next_dist_1ybzpk2._.js:2477
[ 2070442ms] [LOG] [Fast Refresh] done in 160ms @ http://localhost:3001/_next/static/chunks/node_modules_next_dist_1ybzpk2._.js:2477
[ 2070547ms] [LOG] [Fast Refresh] rebuilding @ http://localhost:3001/_next/static/chunks/node_modules_next_dist_1ybzpk2._.js:2477
[ 2070821ms] [LOG] [Fast Refresh] done in 374ms @ http://localhost:3001/_next/static/chunks/node_modules_next_dist_1ybzpk2._.js:2477
[ 2070940ms] [LOG] [Fast Refresh] rebuilding @ http://localhost:3001/_next/static/chunks/node_modules_next_dist_1ybzpk2._.js:2477
[ 2071176ms] [LOG] [Fast Refresh] done in 342ms @ http://localhost:3001/_next/static/chunks/node_modules_next_dist_1ybzpk2._.js:2477
[ 2073615ms] [ERROR] Failed to load resource: net::ERR_CONNECTION_REFUSED @ http://localhost:4001/socket.io/?EIO=4&transport=polling&t=c3wyz84d:0
[ 2076697ms] [ERROR] Failed to load resource: net::ERR_CONNECTION_REFUSED @ http://localhost:4001/socket.io/?EIO=4&transport=polling&t=c3zcd3wp:0
[ 2076861ms] [LOG] [Fast Refresh] rebuilding @ http://localhost:3001/_next/static/chunks/node_modules_next_dist_1ybzpk2._.js:2477
[ 2076862ms] [LOG] [Fast Refresh] done in 105ms @ http://localhost:3001/_next/static/chunks/node_modules_next_dist_1ybzpk2._.js:2477
[ 2081647ms] [ERROR] Failed to load resource: net::ERR_CONNECTION_REFUSED @ http://localhost:4001/socket.io/?EIO=4&transport=polling&t=c435hwet:0
[ 2086641ms] [ERROR] Failed to load resource: net::ERR_CONNECTION_REFUSED @ http://localhost:4001/socket.io/?EIO=4&transport=polling&t=c470d7xk:0
[ 2091020ms] [LOG] [Fast Refresh] rebuilding @ http://localhost:3001/_next/static/chunks/node_modules_next_dist_1ybzpk2._.js:2477
[ 2091569ms] [LOG] [Fast Refresh] done in 585ms @ http://localhost:3001/_next/static/chunks/node_modules_next_dist_1ybzpk2._.js:2477
[ 2091691ms] [LOG] [Fast Refresh] rebuilding @ http://localhost:3001/_next/static/chunks/node_modules_next_dist_1ybzpk2._.js:2477
[ 2092312ms] [LOG] [Fast Refresh] done in 727ms @ http://localhost:3001/_next/static/chunks/node_modules_next_dist_1ybzpk2._.js:2477
[ 2092532ms] [LOG] [Fast Refresh] rebuilding @ http://localhost:3001/_next/static/chunks/node_modules_next_dist_1ybzpk2._.js:2477
[ 2093023ms] [LOG] [Fast Refresh] done in 593ms @ http://localhost:3001/_next/static/chunks/node_modules_next_dist_1ybzpk2._.js:2477
[ 2095496ms] [ERROR] Failed to load resource: net::ERR_CONNECTION_REFUSED @ http://localhost:4001/socket.io/?EIO=4&transport=polling&t=c4duygnv:0
[ 2099222ms] [ERROR] Failed to load resource: net::ERR_CONNECTION_REFUSED @ http://localhost:4001/socket.io/?EIO=4&transport=polling&t=c4gopdba:0
[ 2103286ms] [ERROR] Failed to load resource: net::ERR_CONNECTION_REFUSED @ http://localhost:4001/socket.io/?EIO=4&transport=polling&t=c4jw2wfj:0
[ 2110689ms] [ERROR] Failed to load resource: net::ERR_CONNECTION_REFUSED @ http://localhost:4001/socket.io/?EIO=4&transport=polling&t=c4pk4jop:0
[ 2118063ms] [ERROR] Failed to load resource: net::ERR_CONNECTION_REFUSED @ http://localhost:4001/socket.io/?EIO=4&transport=polling&t=c4v9mq4j:0
[ 2122921ms] [LOG] [Fast Refresh] rebuilding @ http://localhost:3001/_next/static/chunks/node_modules_next_dist_1ybzpk2._.js:2477
[ 2122922ms] [LOG] [Fast Refresh] done in 103ms @ http://localhost:3001/_next/static/chunks/node_modules_next_dist_1ybzpk2._.js:2477
[ 2125430ms] [ERROR] Failed to load resource: net::ERR_CONNECTION_REFUSED @ http://localhost:4001/socket.io/?EIO=4&transport=polling&t=c50ye1ti:0
[ 2132815ms] [ERROR] Failed to load resource: net::ERR_CONNECTION_REFUSED @ http://localhost:4001/socket.io/?EIO=4&transport=polling&t=c56n7zdq:0
[ 2137662ms] [LOG] [Fast Refresh] rebuilding @ http://localhost:3001/_next/static/chunks/node_modules_next_dist_1ybzpk2._.js:2477
[ 2138496ms] [LOG] [Fast Refresh] done in 853ms @ http://localhost:3001/_next/static/chunks/node_modules_next_dist_1ybzpk2._.js:2477
[ 2138650ms] [LOG] [Fast Refresh] rebuilding @ http://localhost:3001/_next/static/chunks/node_modules_next_dist_1ybzpk2._.js:2477
[ 2139280ms] [LOG] [Fast Refresh] done in 741ms @ http://localhost:3001/_next/static/chunks/node_modules_next_dist_1ybzpk2._.js:2477
[ 2139419ms] [LOG] [Fast Refresh] rebuilding @ http://localhost:3001/_next/static/chunks/node_modules_next_dist_1ybzpk2._.js:2477
[ 2139710ms] [LOG] [Fast Refresh] done in 397ms @ http://localhost:3001/_next/static/chunks/node_modules_next_dist_1ybzpk2._.js:2477
[ 2140170ms] [ERROR] Failed to load resource: net::ERR_CONNECTION_REFUSED @ http://localhost:4001/socket.io/?EIO=4&transport=polling&t=c5ccc7x1:0
[ 2147624ms] [ERROR] Failed to load resource: net::ERR_CONNECTION_REFUSED @ http://localhost:4001/socket.io/?EIO=4&transport=polling&t=c5i2dmao:0
[ 2156780ms] [LOG] [Fast Refresh] rebuilding @ http://localhost:3001/_next/static/chunks/node_modules_next_dist_1ybzpk2._.js:2477
[ 2156808ms] [LOG] [Fast Refresh] done in 170ms @ http://localhost:3001/_next/static/chunks/node_modules_next_dist_1ybzpk2._.js:2477
