[     181ms] [LOG] [Fast Refresh] rebuilding @ http://localhost:3001/_next/static/chunks/node_modules_next_dist_1ybzpk2._.js:2477
[     310ms] [LOG] [Fast Refresh] done in 237ms @ http://localhost:3001/_next/static/chunks/node_modules_next_dist_1ybzpk2._.js:2477
[     597ms] [INFO] %cDownload the React DevTools for a better development experience: https://react.dev/link/react-devtools font-weight:bold @ http://localhost:3001/_next/static/chunks/node_modules_next_dist_1ybzpk2._.js:2477
[     685ms] [LOG] [HMR] connected @ http://localhost:3001/_next/static/chunks/node_modules_next_dist_1ybzpk2._.js:2477
[    1086ms] [LOG] [Fast Refresh] rebuilding @ http://localhost:3001/_next/static/chunks/node_modules_next_dist_1ybzpk2._.js:2477
[    1370ms] [LOG] [Fast Refresh] done in 409ms @ http://localhost:3001/_next/static/chunks/node_modules_next_dist_1ybzpk2._.js:2477
[    3496ms] [ERROR] Failed to load resource: net::ERR_CONNECTION_REFUSED @ http://localhost:4001/socket.io/?EIO=4&transport=polling&t=f60z9lup:0
[    6616ms] [ERROR] Failed to load resource: net::ERR_CONNECTION_REFUSED @ http://localhost:4001/socket.io/?EIO=4&transport=polling&t=f63euypr:0
[   11238ms] [ERROR] Failed to load resource: net::ERR_CONNECTION_REFUSED @ http://localhost:4001/socket.io/?EIO=4&transport=polling&t=f66vhzkr:0
[   18766ms] [ERROR] Failed to load resource: net::ERR_CONNECTION_REFUSED @ http://localhost:4001/socket.io/?EIO=4&transport=polling&t=f6cpcrx2:0
[   26136ms] [ERROR] Failed to load resource: net::ERR_CONNECTION_REFUSED @ http://localhost:4001/socket.io/?EIO=4&transport=polling&t=f6igfof6:0
[   31949ms] [LOG] [Fast Refresh] rebuilding @ http://localhost:3001/_next/static/chunks/node_modules_next_dist_1ybzpk2._.js:2477
[   31951ms] [LOG] [Fast Refresh] done in 136ms @ http://localhost:3001/_next/static/chunks/node_modules_next_dist_1ybzpk2._.js:2477
[   33529ms] [ERROR] Failed to load resource: net::ERR_CONNECTION_REFUSED @ http://localhost:4001/socket.io/?EIO=4&transport=polling&t=f6o4zfix:0
[   40896ms] [ERROR] Failed to load resource: net::ERR_CONNECTION_REFUSED @ http://localhost:4001/socket.io/?EIO=4&transport=polling&t=f6tulj9q:0
[   48281ms] [ERROR] Failed to load resource: net::ERR_CONNECTION_REFUSED @ http://localhost:4001/socket.io/?EIO=4&transport=polling&t=f6zjkl6k:0
[   52744ms] [LOG] [Fast Refresh] rebuilding @ http://localhost:3001/_next/static/chunks/node_modules_next_dist_1ybzpk2._.js:2477
[   52986ms] [LOG] [Fast Refresh] done in 348ms @ http://localhost:3001/_next/static/chunks/node_modules_next_dist_1ybzpk2._.js:2477
[   55762ms] [ERROR] Failed to load resource: net::ERR_CONNECTION_REFUSED @ http://localhost:4001/socket.io/?EIO=4&transport=polling&t=f759izm6:0
[   89098ms] [LOG] [Fast Refresh] rebuilding @ http://localhost:3001/_next/static/chunks/node_modules_next_dist_1ybzpk2._.js:2477
[   89273ms] [LOG] [Fast Refresh] done in 279ms @ http://localhost:3001/_next/static/chunks/node_modules_next_dist_1ybzpk2._.js:2477
[  150830ms] [LOG] [Fast Refresh] rebuilding @ http://localhost:3001/_next/static/chunks/node_modules_next_dist_1ybzpk2._.js:2477
[  150862ms] [LOG] [Fast Refresh] done in 143ms @ http://localhost:3001/_next/static/chunks/node_modules_next_dist_1ybzpk2._.js:2477
[  162586ms] [LOG] [Fast Refresh] rebuilding @ http://localhost:3001/_next/static/chunks/node_modules_next_dist_1ybzpk2._.js:2477
[  162699ms] [LOG] [Fast Refresh] done in 227ms @ http://localhost:3001/_next/static/chunks/node_modules_next_dist_1ybzpk2._.js:2477
[  163680ms] [LOG] [Fast Refresh] rebuilding @ http://localhost:3001/_next/static/chunks/node_modules_next_dist_1ybzpk2._.js:2477
[  163796ms] [LOG] [Fast Refresh] done in 233ms @ http://localhost:3001/_next/static/chunks/node_modules_next_dist_1ybzpk2._.js:2477
[  177677ms] [LOG] [Fast Refresh] rebuilding @ http://localhost:3001/_next/static/chunks/node_modules_next_dist_1ybzpk2._.js:2477
[  177989ms] [LOG] [Fast Refresh] done in 426ms @ http://localhost:3001/_next/static/chunks/node_modules_next_dist_1ybzpk2._.js:2477
[  200466ms] [LOG] [Fast Refresh] rebuilding @ http://localhost:3001/_next/static/chunks/node_modules_next_dist_1ybzpk2._.js:2477
[  200489ms] [LOG] [Fast Refresh] done in 137ms @ http://localhost:3001/_next/static/chunks/node_modules_next_dist_1ybzpk2._.js:2477
[  250672ms] [LOG] [Fast Refresh] rebuilding @ http://localhost:3001/_next/static/chunks/node_modules_next_dist_1ybzpk2._.js:2477
[  250909ms] [LOG] [Fast Refresh] done in 338ms @ http://localhost:3001/_next/static/chunks/node_modules_next_dist_1ybzpk2._.js:2477
[  274187ms] [LOG] [Fast Refresh] rebuilding @ http://localhost:3001/_next/static/chunks/node_modules_next_dist_1ybzpk2._.js:2477
[  274232ms] [LOG] [Fast Refresh] done in 156ms @ http://localhost:3001/_next/static/chunks/node_modules_next_dist_1ybzpk2._.js:2477
[  294420ms] [LOG] [Fast Refresh] rebuilding @ http://localhost:3001/_next/static/chunks/node_modules_next_dist_1ybzpk2._.js:2477
[  294428ms] [LOG] [Fast Refresh] done in 116ms @ http://localhost:3001/_next/static/chunks/node_modules_next_dist_1ybzpk2._.js:2477
[  296817ms] [LOG] [Fast Refresh] rebuilding @ http://localhost:3001/_next/static/chunks/node_modules_next_dist_1ybzpk2._.js:2477
[  297167ms] [LOG] [Fast Refresh] done in 464ms @ http://localhost:3001/_next/static/chunks/node_modules_next_dist_1ybzpk2._.js:2477
[  300786ms] [LOG] [Fast Refresh] rebuilding @ http://localhost:3001/_next/static/chunks/node_modules_next_dist_1ybzpk2._.js:2477
[  301083ms] [LOG] [Fast Refresh] done in 403ms @ http://localhost:3001/_next/static/chunks/node_modules_next_dist_1ybzpk2._.js:2477
[  314935ms] [LOG] [Fast Refresh] rebuilding @ http://localhost:3001/_next/static/chunks/node_modules_next_dist_1ybzpk2._.js:2477
[  316180ms] [LOG] [Fast Refresh] done in 1346ms @ http://localhost:3001/_next/static/chunks/node_modules_next_dist_1ybzpk2._.js:2477
[  316457ms] [LOG] [Fast Refresh] rebuilding @ http://localhost:3001/_next/static/chunks/node_modules_next_dist_1ybzpk2._.js:2477
[  316488ms] [LOG] [Fast Refresh] done in 145ms @ http://localhost:3001/_next/static/chunks/node_modules_next_dist_1ybzpk2._.js:2477
[  316662ms] [LOG] [Fast Refresh] rebuilding @ http://localhost:3001/_next/static/chunks/node_modules_next_dist_1ybzpk2._.js:2477
[  316724ms] [LOG] [Fast Refresh] done in 170ms @ http://localhost:3001/_next/static/chunks/node_modules_next_dist_1ybzpk2._.js:2477
[  316834ms] [LOG] [Fast Refresh] rebuilding @ http://localhost:3001/_next/static/chunks/node_modules_next_dist_1ybzpk2._.js:2477
[  317062ms] [ERROR] Failed to load resource: the server responded with a status of 500 (Internal Server Error) @ http://localhost:3001/api/game/state:0
[  317537ms] [ERROR] Failed to load resource: the server responded with a status of 500 (Internal Server Error) @ http://localhost:3001/api/game/state:0
[  317883ms] [ERROR] Failed to load resource: the server responded with a status of 500 (Internal Server Error) @ http://localhost:3001/api/game/state:0
[  318204ms] [ERROR] Failed to load resource: the server responded with a status of 500 (Internal Server Error) @ http://localhost:3001/api/game/state:0
[  318218ms] [LOG] [Fast Refresh] done in 1490ms @ http://localhost:3001/_next/static/chunks/node_modules_next_dist_1ybzpk2._.js:2477
[  319083ms] [LOG] [Fast Refresh] rebuilding @ http://localhost:3001/_next/static/chunks/node_modules_next_dist_1ybzpk2._.js:2477
[  321179ms] [LOG] [Fast Refresh] done in 2207ms @ http://localhost:3001/_next/static/chunks/node_modules_next_dist_1ybzpk2._.js:2477
[  321475ms] [LOG] [Fast Refresh] rebuilding @ http://localhost:3001/_next/static/chunks/node_modules_next_dist_1ybzpk2._.js:2477
[  322665ms] [LOG] [Fast Refresh] done in 1301ms @ http://localhost:3001/_next/static/chunks/node_modules_next_dist_1ybzpk2._.js:2477
[  341382ms] [LOG] [Fast Refresh] rebuilding @ http://localhost:3001/_next/static/chunks/node_modules_next_dist_1ybzpk2._.js:2477
[  341517ms] [LOG] [Fast Refresh] done in 240ms @ http://localhost:3001/_next/static/chunks/node_modules_next_dist_1ybzpk2._.js:2477
[  349464ms] [LOG] [Fast Refresh] rebuilding @ http://localhost:3001/_next/static/chunks/node_modules_next_dist_1ybzpk2._.js:2477
[  350005ms] [LOG] [Fast Refresh] done in 651ms @ http://localhost:3001/_next/static/chunks/node_modules_next_dist_1ybzpk2._.js:2477
[  395425ms] [LOG] [Fast Refresh] rebuilding @ http://localhost:3001/_next/static/chunks/node_modules_next_dist_1ybzpk2._.js:2477
[  395466ms] [LOG] [Fast Refresh] done in 155ms @ http://localhost:3001/_next/static/chunks/node_modules_next_dist_1ybzpk2._.js:2477
[  448275ms] [LOG] [Fast Refresh] rebuilding @ http://localhost:3001/_next/static/chunks/node_modules_next_dist_1ybzpk2._.js:2477
[  449108ms] [LOG] [Fast Refresh] done in 936ms @ http://localhost:3001/_next/static/chunks/node_modules_next_dist_1ybzpk2._.js:2477
[  461363ms] [LOG] [Fast Refresh] rebuilding @ http://localhost:3001/_next/static/chunks/node_modules_next_dist_1ybzpk2._.js:2477
[  461938ms] [LOG] [Fast Refresh] done in 669ms @ http://localhost:3001/_next/static/chunks/node_modules_next_dist_1ybzpk2._.js:2477
[  462052ms] [LOG] [Fast Refresh] rebuilding @ http://localhost:3001/_next/static/chunks/node_modules_next_dist_1ybzpk2._.js:2477
[  462522ms] [LOG] [Fast Refresh] done in 570ms @ http://localhost:3001/_next/static/chunks/node_modules_next_dist_1ybzpk2._.js:2477
[  465123ms] [LOG] [Fast Refresh] rebuilding @ http://localhost:3001/_next/static/chunks/node_modules_next_dist_1ybzpk2._.js:2477
[  465217ms] [LOG] [Fast Refresh] done in 201ms @ http://localhost:3001/_next/static/chunks/node_modules_next_dist_1ybzpk2._.js:2477
[  465344ms] [LOG] [Fast Refresh] rebuilding @ http://localhost:3001/_next/static/chunks/node_modules_next_dist_1ybzpk2._.js:2477
[  465362ms] [LOG] [Fast Refresh] done in 118ms @ http://localhost:3001/_next/static/chunks/node_modules_next_dist_1ybzpk2._.js:2477
[  482159ms] [LOG] [Fast Refresh] rebuilding @ http://localhost:3001/_next/static/chunks/node_modules_next_dist_1ybzpk2._.js:2477
[  482171ms] [LOG] [Fast Refresh] done in 113ms @ http://localhost:3001/_next/static/chunks/node_modules_next_dist_1ybzpk2._.js:2477
[  497300ms] [LOG] [Fast Refresh] rebuilding @ http://localhost:3001/_next/static/chunks/node_modules_next_dist_1ybzpk2._.js:2477
[  497414ms] [LOG] [Fast Refresh] done in 215ms @ http://localhost:3001/_next/static/chunks/node_modules_next_dist_1ybzpk2._.js:2477
[  497446ms] [ERROR] Failed to load resource: the server responded with a status of 401 (Unauthorized) @ http://localhost:3001/api/game/my-history:0
[  497655ms] [LOG] [Fast Refresh] rebuilding @ http://localhost:3001/_next/static/chunks/node_modules_next_dist_1ybzpk2._.js:2477
[  498475ms] [LOG] [Fast Refresh] done in 921ms @ http://localhost:3001/_next/static/chunks/node_modules_next_dist_1ybzpk2._.js:2477
[  499147ms] [VERBOSE] [DOM] Input elements should have autocomplete attributes (suggested: "username"): (More info: https://goo.gl/9p2vKq) %o @ http://localhost:3001/login:0
[  513474ms] [LOG] [Fast Refresh] rebuilding @ http://localhost:3001/_next/static/chunks/node_modules_next_dist_1ybzpk2._.js:2477
[  513529ms] [LOG] [Fast Refresh] done in 159ms @ http://localhost:3001/_next/static/chunks/node_modules_next_dist_1ybzpk2._.js:2477
[  513933ms] [LOG] [Fast Refresh] rebuilding @ http://localhost:3001/_next/static/chunks/node_modules_next_dist_1ybzpk2._.js:2477
[  514492ms] [LOG] [Fast Refresh] done in 671ms @ http://localhost:3001/_next/static/chunks/node_modules_next_dist_1ybzpk2._.js:2477
[  514611ms] [LOG] [Fast Refresh] rebuilding @ http://localhost:3001/_next/static/chunks/node_modules_next_dist_1ybzpk2._.js:2477
[  515043ms] [LOG] [Fast Refresh] done in 538ms @ http://localhost:3001/_next/static/chunks/node_modules_next_dist_1ybzpk2._.js:2477
[  519665ms] [LOG] [Fast Refresh] rebuilding @ http://localhost:3001/_next/static/chunks/node_modules_next_dist_1ybzpk2._.js:2477
[  520070ms] [LOG] [Fast Refresh] done in 520ms @ http://localhost:3001/_next/static/chunks/node_modules_next_dist_1ybzpk2._.js:2477
[  563876ms] [LOG] [Fast Refresh] rebuilding @ http://localhost:3001/_next/static/chunks/node_modules_next_dist_1ybzpk2._.js:2477
[  564939ms] [LOG] [Fast Refresh] done in 1168ms @ http://localhost:3001/_next/static/chunks/node_modules_next_dist_1ybzpk2._.js:2477
